
Allocating common symbols
Common symbol       size              file

netbufpool          0x4               binaries/net.o
readylist           0x2               binaries/ready.o
rfltab              0x5a0             binaries/rflinit.o
netportseed         0x8               binaries/net.o
sleepq              0x2               binaries/clkinit.o
nnames              0x4               binaries/naminit.o
udptab              0x168             binaries/udp.o
minheap             0x4               binaries/meminit.o
marks               0x50              binaries/mark.o
currpid             0x4               binaries/initialize.o
Lf_data             0x20c             binaries/lfsinit.o
porttab             0x2d0             binaries/ptinit.o
girmask             0x2               binaries/evec.o
ttytab              0x110             binaries/ttyinit.o
proctab             0x20d0            binaries/initialize.o
prcount             0x4               binaries/initialize.o
lfltab              0xf00             binaries/lflinit.o
mlfq_high           0x2               binaries/ready.o
rdstab              0x7c              binaries/rdsinit.o
ethertab            0x130             binaries/ethinit.o
NetData             0xb0              binaries/net.o
nmarks              0x4               binaries/mark.o
initsp              0x4               binaries/i386.o
mlfq_med            0x2               binaries/ready.o
Defer               0x8               binaries/resched.o
semtab              0x4b0             binaries/initialize.o
maxheap             0x4               binaries/meminit.o
preempt             0x4               binaries/clkinit.o
buftab              0xf0              binaries/bufinit.o
Rf_data             0x18              binaries/rfsinit.o
mkmutex             0x4               binaries/mark.o
ctr1000             0x4               binaries/clkinit.o
clktime             0x4               binaries/clkinit.o
arpcache            0x140             binaries/arp.o
icmptab             0x230             binaries/icmp.o
nbpools             0x4               binaries/bufinit.o
mlfq_low            0x2               binaries/ready.o
queuetab            0x9b0             binaries/queue.o
ptnextid            0x4               binaries/ptinit.o
Ram                 0x19000           binaries/raminit.o
ipoqueue            0x2c              binaries/ip.o
memlist             0x8               binaries/initialize.o
nametab             0x5200            binaries/naminit.o
ptfree              0x4               binaries/ptinit.o

Memory Configuration

Name             Origin             Length             Attributes
*default*        0x0000000000000000 0xffffffffffffffff

Linker script and memory map

                0x0000000000100000                physbase = 0x100000
                0x0000000000100000                . = physbase
                0x0000000000100000                . = ALIGN (0x1000)

.text           0x0000000000100000    0x1e000
                0x0000000000100000                text = ABSOLUTE (.)
 *(.text .text.*)
 .text          0x0000000000100000      0x165 binaries/start.o
                0x0000000000100020                entry
                0x000000000010003d                start
                0x00000000001000a5                inb
                0x00000000001000ad                inw
                0x00000000001000b6                inl
                0x00000000001000be                outb
                0x00000000001000c8                outw
                0x00000000001000d3                outl
                0x00000000001000dd                _rtcin
                0x00000000001000e8                ___udivsi3
                0x00000000001000f3                ___divsi3
                0x00000000001000ff                sbzero
                0x000000000010010f                bcopy
                0x0000000000100123                insw
                0x0000000000100139                outsw
                0x000000000010014f                lidt
                0x0000000000100157                jumptocode
                0x000000000010015e                jumptobootcode
 .text          0x0000000000100165      0x405 binaries/ascdate.o
                0x0000000000100165                ascdate
 .text          0x000000000010056a       0x14 binaries/bufinit.o
                0x000000000010056a                bufinit
 .text          0x000000000010057e       0x91 binaries/chprio.o
                0x000000000010057e                chprio
 .text          0x000000000010060f      0x130 binaries/clkhandler.o
                0x000000000010060f                clkhandler
 .text          0x000000000010073f       0x93 binaries/clkinit.o
                0x000000000010073f                clkinit
 .text          0x00000000001007d2       0x6a binaries/close.o
                0x00000000001007d2                close
 .text          0x000000000010083c        0x0 binaries/conf.o
 .text          0x000000000010083c       0x7f binaries/control.o
                0x000000000010083c                control
 .text          0x00000000001008bb      0x5c8 binaries/create.o
                0x00000000001008bb                create
                0x0000000000100b44                create_user_process
                0x0000000000100dc0                burst_execution
                0x0000000000100e10                newpid
 .text          0x0000000000100e83      0x36f binaries/evec.o
                0x0000000000100e83                initevec
                0x0000000000100ed9                set_evec
                0x0000000000100f7b                trap
 .text          0x00000000001011f2       0x15 binaries/exit.o
                0x00000000001011f2                exit
 .text          0x0000000000101207       0x82 binaries/freebuf.o
                0x0000000000101207                freebuf
 .text          0x0000000000101289      0x167 binaries/freemem.o
                0x0000000000101289                freemem
 .text          0x00000000001013f0       0x80 binaries/getbuf.o
                0x00000000001013f0                getbuf
 .text          0x0000000000101470       0x6a binaries/getc.o
                0x0000000000101470                getc
 .text          0x00000000001014da       0x72 binaries/getdev.o
                0x00000000001014da                getdev
 .text          0x000000000010154c       0xc8 binaries/getitem.o
                0x000000000010154c                getfirst
                0x000000000010158d                getlast
                0x00000000001015d0                getitem
 .text          0x0000000000101614       0xfb binaries/getmem.o
                0x0000000000101614                getmem
 .text          0x000000000010170f        0xa binaries/getpid.o
                0x000000000010170f                getpid
 .text          0x0000000000101719       0x79 binaries/getprio.o
                0x0000000000101719                getprio
 .text          0x0000000000101792       0xf2 binaries/getstk.o
                0x0000000000101792                getstk
 .text          0x0000000000101884       0x16 binaries/getticks.o
                0x0000000000101884                getticks
 .text          0x000000000010189a       0x36 binaries/gettime.o
                0x000000000010189a                gettime
 .text          0x00000000001018d0      0x1ff binaries/getutime.o
                0x00000000001018d0                getutime
 .text          0x0000000000101acf      0x409 binaries/i386.o
                0x0000000000101acf                setsegs
                0x0000000000101be6                init8259
                0x0000000000101cbb                pseg
                0x0000000000101e7e                setirmask
 .text          0x0000000000101ed8       0x6a binaries/init.o
                0x0000000000101ed8                init
 .text          0x0000000000101f42      0x410 binaries/initialize.o
                0x0000000000101f42                nulluser
                0x00000000001022fd                stop
                0x0000000000102324                delay
 .text          0x0000000000102352       0xdf binaries/insert.o
                0x0000000000102352                insert
 .text          0x0000000000102431      0x111 binaries/insertd.o
                0x0000000000102431                insertd
 .text          0x0000000000102542        0xa binaries/ioerr.o
                0x0000000000102542                ioerr
 .text          0x000000000010254c        0xa binaries/ionull.o
                0x000000000010254c                ionull
 .text          0x0000000000102556      0x1d3 binaries/kill.o
                0x0000000000102556                kill
 .text          0x0000000000102729      0x17b binaries/kprintf.o
                0x0000000000102729                kputc
                0x00000000001027d2                kgetc
                0x0000000000102877                kprintf
 .text          0x00000000001028a4     0x18c5 binaries/main.o
                0x00000000001028a4                timed_execution
                0x00000000001028cb                main
 .text          0x0000000000104169       0xac binaries/mark.o
                0x0000000000104169                markinit
                0x000000000010418c                mark
 .text          0x0000000000104215       0xca binaries/meminit.o
                0x0000000000104215                meminit
 .text          0x00000000001042df      0x15f binaries/mkbufpool.o
                0x00000000001042df                mkbufpool
 .text          0x000000000010443e       0x94 binaries/newqueue.o
                0x000000000010443e                newqueue
 .text          0x00000000001044d2       0x78 binaries/open.o
                0x00000000001044d2                open
 .text          0x000000000010454a       0x20 binaries/panic.o
                0x000000000010454a                panic
 .text          0x000000000010456a      0x498 binaries/pci.o
                0x000000000010456a                pci_init
                0x0000000000104836                find_pci_device
                0x0000000000104884                pci_bios_read_config_byte
                0x00000000001048c3                pci_bios_read_config_word
                0x0000000000104905                pci_bios_read_config_dword
                0x0000000000104944                pci_bios_write_config_byte
                0x0000000000104985                pci_bios_write_config_word
                0x00000000001049c7                pci_bios_write_config_dword
 .text          0x0000000000104a02       0xe6 binaries/ptclear.o
                0x0000000000104a02                _ptclear
 .text          0x0000000000104ae8       0x8f binaries/ptcount.o
                0x0000000000104ae8                ptcount
 .text          0x0000000000104b77      0x105 binaries/ptcreate.o
                0x0000000000104b77                ptcreate
 .text          0x0000000000104c7c       0x80 binaries/ptdelete.o
                0x0000000000104c7c                ptdelete
 .text          0x0000000000104cfc       0xb7 binaries/ptinit.o
                0x0000000000104cfc                ptinit
 .text          0x0000000000104db3      0x10a binaries/ptrecv.o
                0x0000000000104db3                ptrecv
 .text          0x0000000000104ebd       0x78 binaries/ptreset.o
                0x0000000000104ebd                ptreset
 .text          0x0000000000104f35      0x128 binaries/ptsend.o
                0x0000000000104f35                ptsend
 .text          0x000000000010505d       0x78 binaries/putc.o
                0x000000000010505d                putc
 .text          0x00000000001050d5      0x10e binaries/queue.o
                0x00000000001050d5                enqueue
                0x000000000010517a                dequeue
 .text          0x00000000001051e3       0x78 binaries/read.o
                0x00000000001051e3                read
 .text          0x000000000010525b      0x200 binaries/ready.o
                0x000000000010525b                ready
                0x00000000001053bd                print_ready_list
 .text          0x000000000010545b       0x62 binaries/receive.o
                0x000000000010545b                receive
 .text          0x00000000001054bd       0x5e binaries/recvclr.o
                0x00000000001054bd                recvclr
 .text          0x000000000010551b       0xbd binaries/recvtime.o
                0x000000000010551b                recvtime
 .text          0x00000000001055d8      0x529 binaries/resched.o
                0x00000000001055d8                resched
                0x00000000001058d6                resched_cntl
                0x000000000010594b                boost_priority
                0x0000000000105af2                reset_timing
 .text          0x0000000000105b01       0xa8 binaries/resume.o
                0x0000000000105b01                resume
 .text          0x0000000000105ba9       0x71 binaries/seek.o
                0x0000000000105ba9                seek
 .text          0x0000000000105c1a       0x69 binaries/semcount.o
                0x0000000000105c1a                semcount
 .text          0x0000000000105c83       0xcf binaries/semcreate.o
                0x0000000000105c83                semcreate
 .text          0x0000000000105d52       0xba binaries/semdelete.o
                0x0000000000105d52                semdelete
 .text          0x0000000000105e0c       0xbc binaries/semreset.o
                0x0000000000105e0c                semreset
 .text          0x0000000000105ec8       0xde binaries/send.o
                0x0000000000105ec8                send
 .text          0x0000000000105fa6       0x97 binaries/signal.o
                0x0000000000105fa6                signal
 .text          0x000000000010603d       0xc3 binaries/signaln.o
                0x000000000010603d                signaln
 .text          0x0000000000106100       0xe8 binaries/sleep.o
                0x0000000000106100                sleep
                0x000000000010614a                sleepms
 .text          0x00000000001061e8      0x1b5 binaries/stacktrace.o
                0x00000000001061e8                stacktrace
 .text          0x000000000010639d       0xde binaries/suspend.o
                0x000000000010639d                suspend
 .text          0x000000000010647b       0xe0 binaries/unsleep.o
                0x000000000010647b                unsleep
 .text          0x000000000010655b       0x15 binaries/userret.o
                0x000000000010655b                userret
 .text          0x0000000000106570       0xd6 binaries/wait.o
                0x0000000000106570                wait
 .text          0x0000000000106646       0x68 binaries/wakeup.o
                0x0000000000106646                wakeup
 .text          0x00000000001066ae       0x78 binaries/write.o
                0x00000000001066ae                write
 .text          0x0000000000106726       0x19 binaries/xdone.o
                0x0000000000106726                xdone
 .text          0x000000000010673f       0x25 binaries/yield.o
                0x000000000010673f                yield
 .text          0x0000000000106764       0x11 binaries/abs.o
                0x0000000000106764                abs
 .text          0x0000000000106775       0x8f binaries/atoi.o
                0x0000000000106775                atoi
 .text          0x0000000000106804       0x8f binaries/atol.o
                0x0000000000106804                atol
 .text          0x0000000000106893       0x31 binaries/bzero.o
                0x0000000000106893                bzero
 .text          0x00000000001068c4        0x0 binaries/ctype_.o
 .text          0x00000000001068c4      0x8f8 binaries/doprnt.o
                0x00000000001068c4                _doprnt
 .text          0x00000000001071bc      0x6a2 binaries/doscan.o
                0x00000000001071bc                _doscan
 .text          0x000000000010785e      0x723 binaries/fdoprnt.o
                0x000000000010785e                _fdoprnt
 .text          0x0000000000107f81       0x26 binaries/fgetc.o
                0x0000000000107f81                fgetc
 .text          0x0000000000107fa7       0x72 binaries/fgets.o
                0x0000000000107fa7                fgets
 .text          0x0000000000108019       0x34 binaries/fprintf.o
                0x0000000000108019                fprintf
 .text          0x000000000010804d       0x2c binaries/fputc.o
                0x000000000010804d                fputc
 .text          0x0000000000108079       0x43 binaries/fputs.o
                0x0000000000108079                fputs
 .text          0x00000000001080bc       0x92 binaries/fscanf.o
                0x00000000001080bc                fscanf
 .text          0x000000000010814e       0x2f binaries/getchar.o
                0x000000000010814e                getchar
 .text          0x000000000010817d       0x11 binaries/labs.o
                0x000000000010817d                labs
 .text          0x000000000010818e       0x51 binaries/memcmp.o
                0x000000000010818e                memcmp
 .text          0x00000000001081df       0x3f binaries/memcpy.o
                0x00000000001081df                memcpy
 .text          0x000000000010821e       0x30 binaries/memset.o
                0x000000000010821e                memset
 .text          0x000000000010824e       0x52 binaries/printf.o
                0x000000000010824e                printf
 .text          0x00000000001082a0       0x36 binaries/putchar.o
                0x00000000001082a0                putchar
 .text          0x00000000001082d6      0x28c binaries/qsort.o
                0x00000000001082d6                qsort
 .text          0x0000000000108562       0x5f binaries/rand.o
                0x0000000000108562                rand
                0x0000000000108576                rand_r
                0x00000000001085b4                srand
 .text          0x00000000001085c1       0x6f binaries/sprintf.o
                0x00000000001085c1                sprintf
 .text          0x0000000000108630       0x7f binaries/sscanf.o
                0x0000000000108630                sscanf
 .text          0x00000000001086af       0x3c binaries/strchr.o
                0x00000000001086af                strchr
 .text          0x00000000001086eb       0x45 binaries/strcmp.o
                0x00000000001086eb                strcmp
 .text          0x0000000000108730       0x27 binaries/strcpy.o
                0x0000000000108730                strcpy
 .text          0x0000000000108757       0x26 binaries/strlen.o
                0x0000000000108757                strlen
 .text          0x000000000010877d       0x56 binaries/strncat.o
                0x000000000010877d                strncat
 .text          0x00000000001087d3       0x5e binaries/strncmp.o
                0x00000000001087d3                strncmp
 .text          0x0000000000108831       0x4f binaries/strncpy.o
                0x0000000000108831                strncpy
 .text          0x0000000000108880       0x2e binaries/strnlen.o
                0x0000000000108880                strnlen
 .text          0x00000000001088ae       0x45 binaries/strrchr.o
                0x00000000001088ae                strrchr
 .text          0x00000000001088f3       0x6d binaries/strstr.o
                0x00000000001088f3                strstr
 .text          0x0000000000108960       0xd8 binaries/ttycontrol.o
                0x0000000000108960                ttycontrol
 .text          0x0000000000108a38       0x93 binaries/ttygetc.o
                0x0000000000108a38                ttygetc
 .text          0x0000000000108acb      0x756 binaries/ttyhandle_in.o
                0x0000000000108acb                ttyhandle_in
 .text          0x0000000000109221      0x19f binaries/ttyhandle_out.o
                0x0000000000109221                ttyhandle_out
 .text          0x00000000001093c0       0xc6 binaries/ttyhandler.o
                0x00000000001093c0                ttyhandler
 .text          0x0000000000109486      0x22b binaries/ttyinit.o
                0x0000000000109486                ttyinit
 .text          0x00000000001096b1       0x1d binaries/ttykickout.o
                0x00000000001096b1                ttykickout
 .text          0x00000000001096ce       0xb2 binaries/ttyputc.o
                0x00000000001096ce                ttyputc
 .text          0x0000000000109780      0x10f binaries/ttyread.o
                0x0000000000109780                ttyread
 .text          0x000000000010988f       0x4f binaries/ttywrite.o
                0x000000000010988f                ttywrite
 .text          0x00000000001098de      0x16a binaries/mount.o
                0x00000000001098de                mount
                0x0000000000109a12                namlen
 .text          0x0000000000109a48      0x229 binaries/naminit.o
                0x0000000000109a48                naminit
 .text          0x0000000000109c71      0x216 binaries/nammap.o
                0x0000000000109c71                nammap
                0x0000000000109d02                namrepl
                0x0000000000109e37                namcpy
 .text          0x0000000000109e87       0x55 binaries/namopen.o
                0x0000000000109e87                namopen
 .text          0x0000000000109edc      0xfa3 binaries/82545EMInit.o
                0x0000000000109f33                _82545EMInit
                0x000000000010acd9                _82545EM_read_phy_reg
                0x000000000010ada8                _82545EM_write_phy_reg
 .text          0x000000000010ae7f      0x24c binaries/ethcontrol.o
                0x000000000010aed6                ethcontrol
                0x000000000010b053                ethIrqDisable
                0x000000000010b08f                ethIrqEnable
 .text          0x000000000010b0cb      0x241 binaries/ethhandler.o
                0x000000000010b23c                ethhandler
 .text          0x000000000010b30c      0x122 binaries/ethinit.o
                0x000000000010b30c                ethinit
 .text          0x000000000010b42e      0x1f0 binaries/ethread.o
                0x000000000010b485                ethread
 .text          0x000000000010b61e      0x19a binaries/ethwrite.o
                0x000000000010b675                ethwrite
 .text          0x000000000010b7b8      0x2c1 binaries/rdscomm.o
                0x000000000010b7b8                rdscomm
 .text          0x000000000010ba79      0x21b binaries/rdscontrol.o
                0x000000000010ba79                rdscontrol
 .text          0x000000000010bc94       0x4e binaries/rdsinit.o
                0x000000000010bc94                rdsinit
 .text          0x000000000010bce2      0x385 binaries/rdsopen.o
                0x000000000010bce2                rdsopen
 .text          0x000000000010c067      0x40d binaries/rdsprocess.o
                0x000000000010c067                rdsprocess
 .text          0x000000000010c474      0x5b2 binaries/rdsqfcns.o
                0x000000000010c474                rdqunlink
                0x000000000010c516                rdqinsert
                0x000000000010c56b                rdcunlink
                0x000000000010c615                rdcinsert
                0x000000000010c6f6                edqdump
                0x000000000010c8b2                edcdump
 .text          0x000000000010ca26      0x1d7 binaries/rdsread.o
                0x000000000010ca26                rdsread
 .text          0x000000000010cbfd       0x5d binaries/rdssetprio.o
                0x000000000010cbfd                rdssetprio
 .text          0x000000000010cc5a      0x117 binaries/rdswrite.o
                0x000000000010cc5a                rdswrite
 .text          0x000000000010cd71        0xa binaries/ramclose.o
                0x000000000010cd71                ramclose
 .text          0x000000000010cd7b       0x45 binaries/raminit.o
                0x000000000010cd7b                raminit
 .text          0x000000000010cdc0        0xa binaries/ramopen.o
                0x000000000010cdc0                ramopen
 .text          0x000000000010cdca       0x35 binaries/ramread.o
                0x000000000010cdca                ramread
 .text          0x000000000010cdff       0x36 binaries/ramwrite.o
                0x000000000010cdff                ramwrite
 .text          0x000000000010ce35       0x9e binaries/lfdballoc.o
                0x000000000010ce35                lfdballoc
 .text          0x000000000010ced3       0x62 binaries/lfdbfree.o
                0x000000000010ced3                lfdbfree
 .text          0x000000000010cf35       0xbf binaries/lfflush.o
                0x000000000010cf35                lfflush
 .text          0x000000000010cff4       0xd8 binaries/lfgetmode.o
                0x000000000010cff4                lfgetmode
 .text          0x000000000010d0cc       0x6c binaries/lfiballoc.o
                0x000000000010d0cc                lfiballoc
 .text          0x000000000010d138       0x3b binaries/lfibclear.o
                0x000000000010d138                lfibclear
 .text          0x000000000010d173       0xae binaries/lfibget.o
                0x000000000010d173                lfibget
 .text          0x000000000010d221       0xe0 binaries/lfibput.o
                0x000000000010d221                lfibput
 .text          0x000000000010d301       0x93 binaries/lflclose.o
                0x000000000010d301                lflclose
 .text          0x000000000010d394       0xb5 binaries/lflcontrol.o
                0x000000000010d394                lflcontrol
 .text          0x000000000010d449       0xdf binaries/lflgetc.o
                0x000000000010d449                lflgetc
 .text          0x000000000010d528       0xfb binaries/lflinit.o
                0x000000000010d528                lflinit
 .text          0x000000000010d623      0x10f binaries/lflputc.o
                0x000000000010d623                lflputc
 .text          0x000000000010d732       0x6d binaries/lflread.o
                0x000000000010d732                lflread
 .text          0x000000000010d79f       0x9c binaries/lflseek.o
                0x000000000010d79f                lflseek
 .text          0x000000000010d83b       0x55 binaries/lflwrite.o
                0x000000000010d83b                lflwrite
 .text          0x000000000010d890       0x62 binaries/lfscheck.o
                0x000000000010d890                lfscheck
 .text          0x000000000010d8f2      0x176 binaries/lfsckfmt.o
                0x000000000010d8f2                lfsckfmt
 .text          0x000000000010da68      0x221 binaries/lfscreate.o
                0x000000000010da68                lfscreate
 .text          0x000000000010dc89      0x282 binaries/lfsetup.o
                0x000000000010dc89                lfsetup
 .text          0x000000000010df0b       0x55 binaries/lfsinit.o
                0x000000000010df0b                lfsinit
 .text          0x000000000010df60      0x3cb binaries/lfsopen.o
                0x000000000010df60                lfsopen
 .text          0x000000000010e32b      0x161 binaries/lftruncate.o
                0x000000000010e32b                lftruncate
 .text          0x000000000010e48c      0x1a5 binaries/rflclose.o
                0x000000000010e48c                rflclose
 .text          0x000000000010e631       0x5d binaries/rflgetc.o
                0x000000000010e631                rflgetc
 .text          0x000000000010e68e       0x76 binaries/rflinit.o
                0x000000000010e68e                rflinit
 .text          0x000000000010e704       0x39 binaries/rflputc.o
                0x000000000010e704                rflputc
 .text          0x000000000010e73d      0x386 binaries/rflread.o
                0x000000000010e73d                rflread
 .text          0x000000000010eac3       0x68 binaries/rflseek.o
                0x000000000010eac3                rflseek
 .text          0x000000000010eb2b      0x336 binaries/rflwrite.o
                0x000000000010eb2b                rflwrite
 .text          0x000000000010ee61      0x22f binaries/rfscomm.o
                0x000000000010ee61                rfscomm
 .text          0x000000000010f090      0x258 binaries/rfscontrol.o
                0x000000000010f090                rfscontrol
 .text          0x000000000010f2e8       0xd8 binaries/rfsgetmode.o
                0x000000000010f2e8                rfsgetmode
 .text          0x000000000010f3c0       0x61 binaries/rfsinit.o
                0x000000000010f3c0                rfsinit
 .text          0x000000000010f421      0x128 binaries/rfsndmsg.o
                0x000000000010f421                rfsndmsg
 .text          0x000000000010f549      0x28d binaries/rfsopen.o
                0x000000000010f549                rfsopen
 .text          0x000000000010f7d6      0x855 binaries/arp.o
                0x000000000010f7d6                arp_init
                0x000000000010f808                arp_resolve
                0x000000000010fad5                arp_in
                0x000000000010fd87                arp_alloc
                0x000000000010fe53                arp_ntoh
                0x000000000010ff3f                arp_hton
 .text          0x000000000011002b      0x947 binaries/dhcp.o
                0x000000000011002b                dhcp_get_opt_val
                0x0000000000110084                dhcp_bld_bootp_msg
                0x00000000001101ae                dhcp_bld_disc
                0x0000000000110294                dhcp_bld_req
                0x0000000000110411                getlocalip
 .text          0x0000000000110972      0x6e3 binaries/dns.o
                0x0000000000110972                dnslookup
 .text          0x0000000000111055       0xe0 binaries/dot2ip.o
                0x0000000000111055                dot2ip
 .text          0x0000000000111135      0x468 binaries/hexdump.o
                0x0000000000111135                hexdump
                0x00000000001112b8                hexadump
 .text          0x000000000011159d      0x8c4 binaries/icmp.o
                0x000000000011159d                icmp_init
                0x00000000001115d3                icmp_in
                0x00000000001117db                icmp_register
                0x00000000001118cd                icmp_recv
                0x0000000000111a46                icmp_send
                0x0000000000111adb                icmp_mkpkt
                0x0000000000111bf6                icmp_release
                0x0000000000111ce6                icmp_cksum
                0x0000000000111d79                icmp_hton
                0x0000000000111ded                icmp_ntoh
 .text          0x0000000000111e61      0x81d binaries/ip.o
                0x0000000000111e61                ip_in
                0x0000000000111fad                ip_send
                0x00000000001120ef                ip_local
                0x0000000000112132                ip_out
                0x000000000011225f                ipcksum
                0x00000000001122e5                ip_ntoh
                0x00000000001123d1                ip_hton
                0x00000000001124bd                ipout
                0x00000000001125df                ip_enqueue
 .text          0x000000000011267e      0x2ed binaries/net.o
                0x000000000011267e                net_init
                0x00000000001127d6                netin
                0x0000000000112882                eth_hton
                0x00000000001128ac                eth_ntoh
                0x00000000001128d6                getport
 .text          0x000000000011296b     0x1539 binaries/pdump.o
                0x000000000011296b                pdump
                0x0000000000113787                pdumph
 .text          0x0000000000113ea4      0x64a binaries/tftp.o
                0x0000000000113ea4                tftp_send1
                0x0000000000114034                tftpget
                0x0000000000114076                tftpget_mb
 .text          0x00000000001144ee      0xb08 binaries/udp.o
                0x00000000001144ee                udp_init
                0x0000000000114522                udp_in
                0x000000000011465d                udp_register
                0x0000000000114791                udp_recv
                0x0000000000114917                udp_recvaddr
                0x0000000000114ab5                udp_send
                0x0000000000114c84                udp_sendto
                0x0000000000114e1f                udp_release
                0x0000000000114f0c                udp_ntoh
                0x0000000000114f81                udp_hton
 .text          0x0000000000114ff6      0x139 binaries/addargs.o
                0x0000000000114ff6                addargs
 .text          0x000000000011512f      0x2c9 binaries/lexan.o
                0x000000000011512f                lexan
 .text          0x00000000001153f8      0x6f1 binaries/shell.o
                0x00000000001153f8                shell
 .text          0x0000000000115ae9       0x68 binaries/xsh_argecho.o
                0x0000000000115ae9                xsh_argecho
 .text          0x0000000000115b51      0x23a binaries/xsh_arp.o
                0x0000000000115b51                xsh_arp
 .text          0x0000000000115d8b      0x263 binaries/xsh_cat.o
                0x0000000000115d8b                xsh_cat
 .text          0x0000000000115fee       0x5e binaries/xsh_clear.o
                0x0000000000115fee                xsh_clear
 .text          0x000000000011604c      0x2f9 binaries/xsh_date.o
                0x000000000011604c                xsh_date
 .text          0x0000000000116345       0xb0 binaries/xsh_devdump.o
                0x0000000000116345                xsh_devdump
 .text          0x00000000001163f5       0x6c binaries/xsh_echo.o
                0x00000000001163f5                xsh_echo
 .text          0x0000000000116461        0xa binaries/xsh_exit.o
                0x0000000000116461                xsh_exit
 .text          0x000000000011646b      0x372 binaries/xsh_help.o
                0x000000000011646b                xsh_help
 .text          0x00000000001167dd      0x24b binaries/xsh_kill.o
                0x00000000001167dd                xsh_kill
 .text          0x0000000000116a28      0x563 binaries/xsh_ls.o
                0x0000000000116a28                xsh_ls
 .text          0x0000000000116f8b      0x528 binaries/xsh_memdump.o
                0x0000000000116f8b                xsh_memdump
 .text          0x00000000001174b3      0x2a5 binaries/xsh_memstat.o
                0x00000000001174b3                xsh_memstat
 .text          0x0000000000117758      0x5c2 binaries/xsh_netinfo.o
                0x0000000000117758                xsh_netinfo
 .text          0x0000000000117d1a      0x610 binaries/xsh_ns.o
                0x0000000000117d1a                xsh_ns
 .text          0x000000000011832a      0x3ef binaries/xsh_ping.o
                0x000000000011832a                xsh_ping
 .text          0x0000000000118719      0x268 binaries/xsh_ps.o
                0x0000000000118719                xsh_ps
 .text          0x0000000000118981      0x228 binaries/xsh_sleep.o
                0x0000000000118981                xsh_sleep
 .text          0x0000000000118ba9      0x2bc binaries/xsh_udpdump.o
                0x0000000000118ba9                xsh_udpdump
 .text          0x0000000000118e65      0x5b4 binaries/xsh_udpecho.o
                0x0000000000118e65                xsh_udpecho
 .text          0x0000000000119419      0x2e7 binaries/xsh_udpserver.o
                0x0000000000119419                xsh_udpeserver
 .text          0x0000000000119700      0x1e7 binaries/xsh_uptime.o
                0x0000000000119700                xsh_uptime
 .text          0x00000000001198e7        0xe binaries/clkdisp.o
                0x00000000001198e7                clkdisp
 .text          0x00000000001198f5       0x19 binaries/ctxsw.o
                0x00000000001198f5                ctxsw
 .text          0x000000000011990e      0x368 binaries/intr.o
                0x000000000011990e                disable
                0x0000000000119917                restore
                0x0000000000119925                enable
                0x0000000000119927                pause
                0x000000000011992e                halt
                0x0000000000119931                spurious_irq7
                0x0000000000119936                spurious_irq15
                0x0000000000119945                _Xint0
                0x0000000000119950                _Xint1
                0x000000000011995b                _Xint2
                0x0000000000119966                _Xint3
                0x0000000000119971                _Xint4
                0x000000000011997c                _Xint5
                0x0000000000119987                _Xint6
                0x0000000000119992                _Xint7
                0x000000000011999d                _Xint8
                0x00000000001199a8                _Xint9
                0x00000000001199b3                _Xint10
                0x00000000001199be                _Xint11
                0x00000000001199cc                _Xint12
                0x00000000001199da                _Xint13
                0x00000000001199e8                _Xint14
                0x00000000001199f6                _Xint15
                0x0000000000119a04                _Xint16
                0x0000000000119a12                _Xint17
                0x0000000000119a20                _Xint18
                0x0000000000119a2e                _Xint19
                0x0000000000119a3c                _Xint20
                0x0000000000119a4a                _Xint21
                0x0000000000119a58                _Xint22
                0x0000000000119a66                _Xint23
                0x0000000000119a74                _Xint24
                0x0000000000119a82                _Xint25
                0x0000000000119a90                _Xint26
                0x0000000000119a9e                _Xint27
                0x0000000000119aac                _Xint28
                0x0000000000119aba                _Xint29
                0x0000000000119ac8                _Xint30
                0x0000000000119ad6                _Xint31
                0x0000000000119ae4                _Xint32
                0x0000000000119af2                _Xint33
                0x0000000000119b00                _Xint34
                0x0000000000119b0e                _Xint35
                0x0000000000119b1c                _Xint36
                0x0000000000119b2a                _Xint37
                0x0000000000119b38                _Xint38
                0x0000000000119b46                _Xint39
                0x0000000000119b54                _Xint40
                0x0000000000119b62                _Xint41
                0x0000000000119b70                _Xint42
                0x0000000000119b7e                _Xint43
                0x0000000000119b8c                _Xint44
                0x0000000000119b9a                _Xint45
                0x0000000000119ba8                _Xint46
                0x0000000000119bb6                defevec
 .text          0x0000000000119c76        0xf binaries/ttydispatch.o
                0x0000000000119c76                ttydispatch
 .text          0x0000000000119c85       0x13 binaries/ethdispatch.o
                0x0000000000119c85                ethdispatch
 *(.rodata .rodata.*)
 .rodata        0x0000000000119c98       0x8e binaries/ascdate.o
 .rodata        0x0000000000119d26       0xae binaries/conf.o
 .rodata        0x0000000000119dd4      0x22f binaries/evec.o
 *fill*         0x000000000011a003        0x1 
 .rodata        0x000000000011a004       0x61 binaries/getutime.o
 *fill*         0x000000000011a065        0x3 
 .rodata        0x000000000011a068       0x90 binaries/i386.o
 .rodata        0x000000000011a0f8      0x186 binaries/initialize.o
 *fill*         0x000000000011a27e        0x2 
 .rodata        0x000000000011a280       0x20 binaries/kill.o
 .rodata        0x000000000011a2a0      0x477 binaries/main.o
 .rodata        0x000000000011a717        0xf binaries/panic.o
 *fill*         0x000000000011a726        0x2 
 .rodata        0x000000000011a728      0x1ec binaries/pci.o
 .rodata        0x000000000011a914       0x1d binaries/ptinit.o
 *fill*         0x000000000011a931        0x3 
 .rodata        0x000000000011a934       0x25 binaries/ptsend.o
 .rodata        0x000000000011a959       0x2a binaries/ready.o
 *fill*         0x000000000011a983        0x1 
 .rodata        0x000000000011a984       0xb7 binaries/stacktrace.o
 *fill*         0x000000000011aa3b        0x1 
 .rodata        0x000000000011aa3c       0x27 binaries/xdone.o
 *fill*         0x000000000011aa63       0x1d 
 .rodata        0x000000000011aa80       0x81 binaries/ctype_.o
                0x000000000011aa80                _ctype_
 *fill*         0x000000000011ab01        0x3 
 .rodata        0x000000000011ab04       0xee binaries/doprnt.o
 *fill*         0x000000000011abf2        0x2 
 .rodata        0x000000000011abf4       0x98 binaries/doscan.o
 .rodata        0x000000000011ac8c       0xae binaries/fdoprnt.o
 *fill*         0x000000000011ad3a        0x2 
 .rodata        0x000000000011ad3c       0x20 binaries/ttycontrol.o
 .rodata        0x000000000011ad5c       0x34 binaries/ttyhandler.o
 .rodata        0x000000000011ad90       0x14 binaries/mount.o
 .rodata        0x000000000011ada4       0x82 binaries/naminit.o
 *fill*         0x000000000011ae26        0x2 
 .rodata        0x000000000011ae28       0x2e binaries/82545EMInit.o
 *fill*         0x000000000011ae56        0x2 
 .rodata        0x000000000011ae58       0x78 binaries/ethinit.o
 .rodata        0x000000000011aed0       0x18 binaries/ethread.o
 .rodata        0x000000000011aee8       0x76 binaries/rdscomm.o
 *fill*         0x000000000011af5e        0x2 
 .rodata        0x000000000011af60       0x21 binaries/rdscontrol.o
 *fill*         0x000000000011af81        0x3 
 .rodata        0x000000000011af84       0xae binaries/rdsopen.o
 *fill*         0x000000000011b032        0x2 
 .rodata        0x000000000011b034       0x3e binaries/rdsprocess.o
 *fill*         0x000000000011b072        0x2 
 .rodata        0x000000000011b074       0xe2 binaries/rdsqfcns.o
 .rodata        0x000000000011b156        0x9 binaries/raminit.o
 *fill*         0x000000000011b15f        0x1 
 .rodata        0x000000000011b160       0x36 binaries/lfdballoc.o
 .rodata        0x000000000011b196       0x14 binaries/lfiballoc.o
 *fill*         0x000000000011b1aa        0x2 
 .rodata        0x000000000011b1ac       0x22 binaries/lflcontrol.o
 *fill*         0x000000000011b1ce        0x2 
 .rodata        0x000000000011b1d0      0x118 binaries/lfsckfmt.o
 .rodata        0x000000000011b2e8       0x66 binaries/lfsopen.o
 *fill*         0x000000000011b34e        0x2 
 .rodata        0x000000000011b350       0x21 binaries/rflclose.o
 *fill*         0x000000000011b371        0x3 
 .rodata        0x000000000011b374       0x21 binaries/rflread.o
 *fill*         0x000000000011b395        0x3 
 .rodata        0x000000000011b398       0x21 binaries/rflwrite.o
 *fill*         0x000000000011b3b9        0x3 
 .rodata        0x000000000011b3bc       0xa1 binaries/rfscomm.o
 *fill*         0x000000000011b45d        0x3 
 .rodata        0x000000000011b460       0x3c binaries/rfscontrol.o
 .rodata        0x000000000011b49c       0x2b binaries/rfsinit.o
 *fill*         0x000000000011b4c7        0x1 
 .rodata        0x000000000011b4c8       0x2a binaries/rfsndmsg.o
 *fill*         0x000000000011b4f2        0x2 
 .rodata        0x000000000011b4f4       0x21 binaries/rfsopen.o
 *fill*         0x000000000011b515        0x3 
 .rodata        0x000000000011b518       0x3a binaries/arp.o
 *fill*         0x000000000011b552        0x2 
 .rodata        0x000000000011b554       0xcf binaries/dhcp.o
 .rodata        0x000000000011b623       0x24 binaries/dns.o
 *fill*         0x000000000011b647        0x1 
 .rodata        0x000000000011b648       0xc9 binaries/hexdump.o
 *fill*         0x000000000011b711        0x3 
 .rodata        0x000000000011b714       0x29 binaries/icmp.o
 *fill*         0x000000000011b73d        0x3 
 .rodata        0x000000000011b740       0x52 binaries/ip.o
 *fill*         0x000000000011b792        0x2 
 .rodata        0x000000000011b794       0x4f binaries/net.o
 *fill*         0x000000000011b7e3        0x1 
 .rodata        0x000000000011b7e4      0x26f binaries/pdump.o
 *fill*         0x000000000011ba53        0x1 
 .rodata        0x000000000011ba54      0x154 binaries/tftp.o
 *fill*         0x000000000011bba8       0x18 
 .rodata        0x000000000011bbc0      0x3f9 binaries/shell.o
                0x000000000011bc60                cmdtab
 .rodata        0x000000000011bfb9       0x28 binaries/xsh_argecho.o
 *fill*         0x000000000011bfe1        0x3 
 .rodata        0x000000000011bfe4      0x123 binaries/xsh_arp.o
 *fill*         0x000000000011c107        0x1 
 .rodata        0x000000000011c108       0xc9 binaries/xsh_cat.o
 .rodata        0x000000000011c1d1       0x19 binaries/xsh_clear.o
 *fill*         0x000000000011c1ea        0x2 
 .rodata        0x000000000011c1ec      0x1c3 binaries/xsh_date.o
 .rodata        0x000000000011c3af       0x5d binaries/xsh_devdump.o
 .rodata        0x000000000011c40c        0x9 binaries/xsh_echo.o
 *fill*         0x000000000011c415        0x3 
 .rodata        0x000000000011c418      0x169 binaries/xsh_help.o
 *fill*         0x000000000011c581        0x3 
 .rodata        0x000000000011c584      0x12e binaries/xsh_kill.o
 *fill*         0x000000000011c6b2        0x2 
 .rodata        0x000000000011c6b4      0x190 binaries/xsh_ls.o
 .rodata        0x000000000011c844      0x266 binaries/xsh_memdump.o
 *fill*         0x000000000011caaa        0x2 
 .rodata        0x000000000011caac      0x225 binaries/xsh_memstat.o
 *fill*         0x000000000011ccd1        0x3 
 .rodata        0x000000000011ccd4      0x1b0 binaries/xsh_netinfo.o
 *fill*         0x000000000011ce84       0x1c 
 .rodata        0x000000000011cea0      0x340 binaries/xsh_ns.o
 .rodata        0x000000000011d1e0      0x19d binaries/xsh_ping.o
 *fill*         0x000000000011d37d        0x3 
 .rodata        0x000000000011d380      0x1e0 binaries/xsh_ps.o
 .rodata        0x000000000011d560       0xeb binaries/xsh_sleep.o
 *fill*         0x000000000011d64b        0x1 
 .rodata        0x000000000011d64c      0x1b8 binaries/xsh_udpdump.o
 .rodata        0x000000000011d804      0x27d binaries/xsh_udpecho.o
 *fill*         0x000000000011da81        0x3 
 .rodata        0x000000000011da84      0x12b binaries/xsh_udpserver.o
 *fill*         0x000000000011dbaf        0x1 
 .rodata        0x000000000011dbb0      0x105 binaries/xsh_uptime.o
                0x000000000011dcb5                etext = ABSOLUTE (.)
                0x000000000011e000                . = ALIGN (0x1000)
 *fill*         0x000000000011dcb5      0x34b 

.eh_frame       0x000000000011e000     0x2e24
 .eh_frame      0x000000000011e000       0x40 binaries/ascdate.o
 .eh_frame      0x000000000011e040       0x20 binaries/bufinit.o
                                         0x38 (size before relaxing)
 .eh_frame      0x000000000011e060       0x20 binaries/chprio.o
                                         0x38 (size before relaxing)
 .eh_frame      0x000000000011e080       0x20 binaries/clkhandler.o
                                         0x38 (size before relaxing)
 .eh_frame      0x000000000011e0a0       0x20 binaries/clkinit.o
                                         0x38 (size before relaxing)
 .eh_frame      0x000000000011e0c0       0x20 binaries/close.o
                                         0x38 (size before relaxing)
 .eh_frame      0x000000000011e0e0       0x20 binaries/control.o
                                         0x38 (size before relaxing)
 .eh_frame      0x000000000011e100       0x80 binaries/create.o
                                         0x98 (size before relaxing)
 .eh_frame      0x000000000011e180       0x60 binaries/evec.o
                                         0x78 (size before relaxing)
 .eh_frame      0x000000000011e1e0       0x20 binaries/exit.o
                                         0x38 (size before relaxing)
 .eh_frame      0x000000000011e200       0x20 binaries/freebuf.o
                                         0x38 (size before relaxing)
 .eh_frame      0x000000000011e220       0x20 binaries/freemem.o
                                         0x38 (size before relaxing)
 .eh_frame      0x000000000011e240       0x20 binaries/getbuf.o
                                         0x38 (size before relaxing)
 .eh_frame      0x000000000011e260       0x20 binaries/getc.o
                                         0x38 (size before relaxing)
 .eh_frame      0x000000000011e280       0x20 binaries/getdev.o
                                         0x38 (size before relaxing)
 .eh_frame      0x000000000011e2a0       0x60 binaries/getitem.o
                                         0x78 (size before relaxing)
 .eh_frame      0x000000000011e300       0x20 binaries/getmem.o
                                         0x38 (size before relaxing)
 .eh_frame      0x000000000011e320       0x20 binaries/getpid.o
                                         0x38 (size before relaxing)
 .eh_frame      0x000000000011e340       0x20 binaries/getprio.o
                                         0x38 (size before relaxing)
 .eh_frame      0x000000000011e360       0x20 binaries/getstk.o
                                         0x38 (size before relaxing)
 .eh_frame      0x000000000011e380       0x20 binaries/getticks.o
                                         0x38 (size before relaxing)
 .eh_frame      0x000000000011e3a0       0x20 binaries/gettime.o
                                         0x38 (size before relaxing)
 .eh_frame      0x000000000011e3c0       0x20 binaries/getutime.o
                                         0x38 (size before relaxing)
 .eh_frame      0x000000000011e3e0       0x8c binaries/i386.o
                                         0xa4 (size before relaxing)
 .eh_frame      0x000000000011e46c       0x20 binaries/init.o
                                         0x38 (size before relaxing)
 .eh_frame      0x000000000011e48c       0xa0 binaries/initialize.o
                                         0xb8 (size before relaxing)
 .eh_frame      0x000000000011e52c       0x20 binaries/insert.o
                                         0x38 (size before relaxing)
 .eh_frame      0x000000000011e54c       0x20 binaries/insertd.o
                                         0x38 (size before relaxing)
 .eh_frame      0x000000000011e56c       0x20 binaries/ioerr.o
                                         0x38 (size before relaxing)
 .eh_frame      0x000000000011e58c       0x20 binaries/ionull.o
                                         0x38 (size before relaxing)
 .eh_frame      0x000000000011e5ac       0x28 binaries/kill.o
                                         0x40 (size before relaxing)
 .eh_frame      0x000000000011e5d4       0x60 binaries/kprintf.o
                                         0x78 (size before relaxing)
 .eh_frame      0x000000000011e634       0x50 binaries/main.o
                                         0x68 (size before relaxing)
 .eh_frame      0x000000000011e684       0x40 binaries/mark.o
                                         0x58 (size before relaxing)
 .eh_frame      0x000000000011e6c4       0x20 binaries/meminit.o
                                         0x38 (size before relaxing)
 .eh_frame      0x000000000011e6e4       0x20 binaries/mkbufpool.o
                                         0x38 (size before relaxing)
 .eh_frame      0x000000000011e704       0x20 binaries/newqueue.o
                                         0x38 (size before relaxing)
 .eh_frame      0x000000000011e724       0x20 binaries/open.o
                                         0x38 (size before relaxing)
 .eh_frame      0x000000000011e744       0x1c binaries/panic.o
                                         0x34 (size before relaxing)
 .eh_frame      0x000000000011e760      0x1c8 binaries/pci.o
                                        0x1e0 (size before relaxing)
 .eh_frame      0x000000000011e928       0x20 binaries/ptclear.o
                                         0x38 (size before relaxing)
 .eh_frame      0x000000000011e948       0x20 binaries/ptcount.o
                                         0x38 (size before relaxing)
 .eh_frame      0x000000000011e968       0x20 binaries/ptcreate.o
                                         0x38 (size before relaxing)
 .eh_frame      0x000000000011e988       0x20 binaries/ptdelete.o
                                         0x38 (size before relaxing)
 .eh_frame      0x000000000011e9a8       0x20 binaries/ptinit.o
                                         0x38 (size before relaxing)
 .eh_frame      0x000000000011e9c8       0x20 binaries/ptrecv.o
                                         0x38 (size before relaxing)
 .eh_frame      0x000000000011e9e8       0x20 binaries/ptreset.o
                                         0x38 (size before relaxing)
 .eh_frame      0x000000000011ea08       0x20 binaries/ptsend.o
                                         0x38 (size before relaxing)
 .eh_frame      0x000000000011ea28       0x20 binaries/putc.o
                                         0x38 (size before relaxing)
 .eh_frame      0x000000000011ea48       0x40 binaries/queue.o
                                         0x58 (size before relaxing)
 .eh_frame      0x000000000011ea88       0x20 binaries/read.o
                                         0x38 (size before relaxing)
 .eh_frame      0x000000000011eaa8       0x48 binaries/ready.o
                                         0x60 (size before relaxing)
 .eh_frame      0x000000000011eaf0       0x20 binaries/receive.o
                                         0x38 (size before relaxing)
 .eh_frame      0x000000000011eb10       0x20 binaries/recvclr.o
                                         0x38 (size before relaxing)
 .eh_frame      0x000000000011eb30       0x20 binaries/recvtime.o
                                         0x38 (size before relaxing)
 .eh_frame      0x000000000011eb50       0x80 binaries/resched.o
                                         0x98 (size before relaxing)
 .eh_frame      0x000000000011ebd0       0x20 binaries/resume.o
                                         0x38 (size before relaxing)
 .eh_frame      0x000000000011ebf0       0x20 binaries/seek.o
                                         0x38 (size before relaxing)
 .eh_frame      0x000000000011ec10       0x20 binaries/semcount.o
                                         0x38 (size before relaxing)
 .eh_frame      0x000000000011ec30       0x40 binaries/semcreate.o
                                         0x58 (size before relaxing)
 .eh_frame      0x000000000011ec70       0x20 binaries/semdelete.o
                                         0x38 (size before relaxing)
 .eh_frame      0x000000000011ec90       0x20 binaries/semreset.o
                                         0x38 (size before relaxing)
 .eh_frame      0x000000000011ecb0       0x20 binaries/send.o
                                         0x38 (size before relaxing)
 .eh_frame      0x000000000011ecd0       0x20 binaries/signal.o
                                         0x38 (size before relaxing)
 .eh_frame      0x000000000011ecf0       0x20 binaries/signaln.o
                                         0x38 (size before relaxing)
 .eh_frame      0x000000000011ed10       0x40 binaries/sleep.o
                                         0x58 (size before relaxing)
 .eh_frame      0x000000000011ed50       0x20 binaries/stacktrace.o
                                         0x38 (size before relaxing)
 .eh_frame      0x000000000011ed70       0x20 binaries/suspend.o
                                         0x38 (size before relaxing)
 .eh_frame      0x000000000011ed90       0x20 binaries/unsleep.o
                                         0x38 (size before relaxing)
 .eh_frame      0x000000000011edb0       0x20 binaries/userret.o
                                         0x38 (size before relaxing)
 .eh_frame      0x000000000011edd0       0x20 binaries/wait.o
                                         0x38 (size before relaxing)
 .eh_frame      0x000000000011edf0       0x20 binaries/wakeup.o
                                         0x38 (size before relaxing)
 .eh_frame      0x000000000011ee10       0x20 binaries/write.o
                                         0x38 (size before relaxing)
 .eh_frame      0x000000000011ee30       0x20 binaries/xdone.o
                                         0x38 (size before relaxing)
 .eh_frame      0x000000000011ee50       0x20 binaries/yield.o
                                         0x38 (size before relaxing)
 .eh_frame      0x000000000011ee70       0x20 binaries/abs.o
                                         0x38 (size before relaxing)
 .eh_frame      0x000000000011ee90       0x20 binaries/atoi.o
                                         0x38 (size before relaxing)
 .eh_frame      0x000000000011eeb0       0x20 binaries/atol.o
                                         0x38 (size before relaxing)
 .eh_frame      0x000000000011eed0       0x20 binaries/bzero.o
                                         0x38 (size before relaxing)
 .eh_frame      0x000000000011eef0       0xe4 binaries/doprnt.o
                                         0xfc (size before relaxing)
 .eh_frame      0x000000000011efd4       0xb0 binaries/doscan.o
                                         0xc8 (size before relaxing)
 .eh_frame      0x000000000011f084       0xc0 binaries/fdoprnt.o
                                         0xd8 (size before relaxing)
 .eh_frame      0x000000000011f144       0x20 binaries/fgetc.o
                                         0x38 (size before relaxing)
 .eh_frame      0x000000000011f164       0x20 binaries/fgets.o
                                         0x38 (size before relaxing)
 .eh_frame      0x000000000011f184       0x20 binaries/fprintf.o
                                         0x38 (size before relaxing)
 .eh_frame      0x000000000011f1a4       0x20 binaries/fputc.o
                                         0x38 (size before relaxing)
 .eh_frame      0x000000000011f1c4       0x20 binaries/fputs.o
                                         0x38 (size before relaxing)
 .eh_frame      0x000000000011f1e4       0x60 binaries/fscanf.o
                                         0x78 (size before relaxing)
 .eh_frame      0x000000000011f244       0x20 binaries/getchar.o
                                         0x38 (size before relaxing)
 .eh_frame      0x000000000011f264       0x20 binaries/labs.o
                                         0x38 (size before relaxing)
 .eh_frame      0x000000000011f284       0x20 binaries/memcmp.o
                                         0x38 (size before relaxing)
 .eh_frame      0x000000000011f2a4       0x24 binaries/memcpy.o
                                         0x3c (size before relaxing)
 .eh_frame      0x000000000011f2c8       0x24 binaries/memset.o
                                         0x3c (size before relaxing)
 .eh_frame      0x000000000011f2ec       0x20 binaries/printf.o
                                         0x38 (size before relaxing)
 .eh_frame      0x000000000011f30c       0x20 binaries/putchar.o
                                         0x38 (size before relaxing)
 .eh_frame      0x000000000011f32c       0xa8 binaries/qsort.o
                                         0xc0 (size before relaxing)
 .eh_frame      0x000000000011f3d4       0x60 binaries/rand.o
                                         0x78 (size before relaxing)
 .eh_frame      0x000000000011f434       0x40 binaries/sprintf.o
                                         0x58 (size before relaxing)
 .eh_frame      0x000000000011f474       0x60 binaries/sscanf.o
                                         0x78 (size before relaxing)
 .eh_frame      0x000000000011f4d4       0x20 binaries/strchr.o
                                         0x38 (size before relaxing)
 .eh_frame      0x000000000011f4f4       0x20 binaries/strcmp.o
                                         0x38 (size before relaxing)
 .eh_frame      0x000000000011f514       0x20 binaries/strcpy.o
                                         0x38 (size before relaxing)
 .eh_frame      0x000000000011f534       0x20 binaries/strlen.o
                                         0x38 (size before relaxing)
 .eh_frame      0x000000000011f554       0x20 binaries/strncat.o
                                         0x38 (size before relaxing)
 .eh_frame      0x000000000011f574       0x20 binaries/strncmp.o
                                         0x38 (size before relaxing)
 .eh_frame      0x000000000011f594       0x28 binaries/strncpy.o
                                         0x40 (size before relaxing)
 .eh_frame      0x000000000011f5bc       0x20 binaries/strnlen.o
                                         0x38 (size before relaxing)
 .eh_frame      0x000000000011f5dc       0x20 binaries/strrchr.o
                                         0x38 (size before relaxing)
 .eh_frame      0x000000000011f5fc       0x20 binaries/strstr.o
                                         0x38 (size before relaxing)
 .eh_frame      0x000000000011f61c       0x20 binaries/ttycontrol.o
                                         0x38 (size before relaxing)
 .eh_frame      0x000000000011f63c       0x20 binaries/ttygetc.o
                                         0x38 (size before relaxing)
 .eh_frame      0x000000000011f65c       0x80 binaries/ttyhandle_in.o
                                         0x98 (size before relaxing)
 .eh_frame      0x000000000011f6dc       0x20 binaries/ttyhandle_out.o
                                         0x38 (size before relaxing)
 .eh_frame      0x000000000011f6fc       0x20 binaries/ttyhandler.o
                                         0x38 (size before relaxing)
 .eh_frame      0x000000000011f71c       0x20 binaries/ttyinit.o
                                         0x38 (size before relaxing)
 .eh_frame      0x000000000011f73c       0x20 binaries/ttykickout.o
                                         0x38 (size before relaxing)
 .eh_frame      0x000000000011f75c       0x20 binaries/ttyputc.o
                                         0x38 (size before relaxing)
 .eh_frame      0x000000000011f77c       0x28 binaries/ttyread.o
                                         0x40 (size before relaxing)
 .eh_frame      0x000000000011f7a4       0x20 binaries/ttywrite.o
                                         0x38 (size before relaxing)
 .eh_frame      0x000000000011f7c4       0x40 binaries/mount.o
                                         0x58 (size before relaxing)
 .eh_frame      0x000000000011f804       0x20 binaries/naminit.o
                                         0x38 (size before relaxing)
 .eh_frame      0x000000000011f824       0x60 binaries/nammap.o
                                         0x78 (size before relaxing)
 .eh_frame      0x000000000011f884       0x20 binaries/namopen.o
                                         0x38 (size before relaxing)
 .eh_frame      0x000000000011f8a4      0x150 binaries/82545EMInit.o
                                        0x168 (size before relaxing)
 .eh_frame      0x000000000011f9f4       0xa0 binaries/ethcontrol.o
                                         0xb8 (size before relaxing)
 .eh_frame      0x000000000011fa94       0x80 binaries/ethhandler.o
                                         0x98 (size before relaxing)
 .eh_frame      0x000000000011fb14       0x20 binaries/ethinit.o
                                         0x38 (size before relaxing)
 .eh_frame      0x000000000011fb34       0x60 binaries/ethread.o
                                         0x78 (size before relaxing)
 .eh_frame      0x000000000011fb94       0x60 binaries/ethwrite.o
                                         0x78 (size before relaxing)
 .eh_frame      0x000000000011fbf4       0x20 binaries/rdscomm.o
                                         0x38 (size before relaxing)
 .eh_frame      0x000000000011fc14       0x20 binaries/rdscontrol.o
                                         0x38 (size before relaxing)
 .eh_frame      0x000000000011fc34       0x20 binaries/rdsinit.o
                                         0x38 (size before relaxing)
 .eh_frame      0x000000000011fc54       0x20 binaries/rdsopen.o
                                         0x38 (size before relaxing)
 .eh_frame      0x000000000011fc74       0x1c binaries/rdsprocess.o
                                         0x34 (size before relaxing)
 .eh_frame      0x000000000011fc90       0xc0 binaries/rdsqfcns.o
                                         0xd8 (size before relaxing)
 .eh_frame      0x000000000011fd50       0x20 binaries/rdsread.o
                                         0x38 (size before relaxing)
 .eh_frame      0x000000000011fd70       0x20 binaries/rdssetprio.o
                                         0x38 (size before relaxing)
 .eh_frame      0x000000000011fd90       0x20 binaries/rdswrite.o
                                         0x38 (size before relaxing)
 .eh_frame      0x000000000011fdb0       0x20 binaries/ramclose.o
                                         0x38 (size before relaxing)
 .eh_frame      0x000000000011fdd0       0x20 binaries/raminit.o
                                         0x38 (size before relaxing)
 .eh_frame      0x000000000011fdf0       0x20 binaries/ramopen.o
                                         0x38 (size before relaxing)
 .eh_frame      0x000000000011fe10       0x20 binaries/ramread.o
                                         0x38 (size before relaxing)
 .eh_frame      0x000000000011fe30       0x20 binaries/ramwrite.o
                                         0x38 (size before relaxing)
 .eh_frame      0x000000000011fe50       0x20 binaries/lfdballoc.o
                                         0x38 (size before relaxing)
 .eh_frame      0x000000000011fe70       0x20 binaries/lfdbfree.o
                                         0x38 (size before relaxing)
 .eh_frame      0x000000000011fe90       0x20 binaries/lfflush.o
                                         0x38 (size before relaxing)
 .eh_frame      0x000000000011feb0       0x20 binaries/lfgetmode.o
                                         0x38 (size before relaxing)
 .eh_frame      0x000000000011fed0       0x20 binaries/lfiballoc.o
                                         0x38 (size before relaxing)
 .eh_frame      0x000000000011fef0       0x20 binaries/lfibclear.o
                                         0x38 (size before relaxing)
 .eh_frame      0x000000000011ff10       0x20 binaries/lfibget.o
                                         0x38 (size before relaxing)
 .eh_frame      0x000000000011ff30       0x20 binaries/lfibput.o
                                         0x38 (size before relaxing)
 .eh_frame      0x000000000011ff50       0x20 binaries/lflclose.o
                                         0x38 (size before relaxing)
 .eh_frame      0x000000000011ff70       0x20 binaries/lflcontrol.o
                                         0x38 (size before relaxing)
 .eh_frame      0x000000000011ff90       0x20 binaries/lflgetc.o
                                         0x38 (size before relaxing)
 .eh_frame      0x000000000011ffb0       0x20 binaries/lflinit.o
                                         0x38 (size before relaxing)
 .eh_frame      0x000000000011ffd0       0x20 binaries/lflputc.o
                                         0x38 (size before relaxing)
 .eh_frame      0x000000000011fff0       0x20 binaries/lflread.o
                                         0x38 (size before relaxing)
 .eh_frame      0x0000000000120010       0x20 binaries/lflseek.o
                                         0x38 (size before relaxing)
 .eh_frame      0x0000000000120030       0x20 binaries/lflwrite.o
                                         0x38 (size before relaxing)
 .eh_frame      0x0000000000120050       0x20 binaries/lfscheck.o
                                         0x38 (size before relaxing)
 .eh_frame      0x0000000000120070       0x20 binaries/lfsckfmt.o
                                         0x38 (size before relaxing)
 .eh_frame      0x0000000000120090       0x20 binaries/lfscreate.o
                                         0x38 (size before relaxing)
 .eh_frame      0x00000000001200b0       0x20 binaries/lfsetup.o
                                         0x38 (size before relaxing)
 .eh_frame      0x00000000001200d0       0x20 binaries/lfsinit.o
                                         0x38 (size before relaxing)
 .eh_frame      0x00000000001200f0       0x20 binaries/lfsopen.o
                                         0x38 (size before relaxing)
 .eh_frame      0x0000000000120110       0x20 binaries/lftruncate.o
                                         0x38 (size before relaxing)
 .eh_frame      0x0000000000120130       0x20 binaries/rflclose.o
                                         0x38 (size before relaxing)
 .eh_frame      0x0000000000120150       0x20 binaries/rflgetc.o
                                         0x38 (size before relaxing)
 .eh_frame      0x0000000000120170       0x20 binaries/rflinit.o
                                         0x38 (size before relaxing)
 .eh_frame      0x0000000000120190       0x20 binaries/rflputc.o
                                         0x38 (size before relaxing)
 .eh_frame      0x00000000001201b0       0x20 binaries/rflread.o
                                         0x38 (size before relaxing)
 .eh_frame      0x00000000001201d0       0x20 binaries/rflseek.o
                                         0x38 (size before relaxing)
 .eh_frame      0x00000000001201f0       0x20 binaries/rflwrite.o
                                         0x38 (size before relaxing)
 .eh_frame      0x0000000000120210       0x20 binaries/rfscomm.o
                                         0x38 (size before relaxing)
 .eh_frame      0x0000000000120230       0x20 binaries/rfscontrol.o
                                         0x38 (size before relaxing)
 .eh_frame      0x0000000000120250       0x20 binaries/rfsgetmode.o
                                         0x38 (size before relaxing)
 .eh_frame      0x0000000000120270       0x20 binaries/rfsinit.o
                                         0x38 (size before relaxing)
 .eh_frame      0x0000000000120290       0x20 binaries/rfsndmsg.o
                                         0x38 (size before relaxing)
 .eh_frame      0x00000000001202b0       0x20 binaries/rfsopen.o
                                         0x38 (size before relaxing)
 .eh_frame      0x00000000001202d0       0xc0 binaries/arp.o
                                         0xd8 (size before relaxing)
 .eh_frame      0x0000000000120390       0xa0 binaries/dhcp.o
                                         0xb8 (size before relaxing)
 .eh_frame      0x0000000000120430       0x80 binaries/dns.o
                                         0x98 (size before relaxing)
 .eh_frame      0x00000000001204b0       0x20 binaries/dot2ip.o
                                         0x38 (size before relaxing)
 .eh_frame      0x00000000001204d0       0x40 binaries/hexdump.o
                                         0x58 (size before relaxing)
 .eh_frame      0x0000000000120510      0x150 binaries/icmp.o
                                        0x168 (size before relaxing)
 .eh_frame      0x0000000000120660      0x11c binaries/ip.o
                                        0x134 (size before relaxing)
 .eh_frame      0x000000000012077c       0xa0 binaries/net.o
                                         0xb8 (size before relaxing)
 .eh_frame      0x000000000012081c       0x60 binaries/pdump.o
                                         0x78 (size before relaxing)
 .eh_frame      0x000000000012087c       0x60 binaries/tftp.o
                                         0x78 (size before relaxing)
 .eh_frame      0x00000000001208dc      0x140 binaries/udp.o
                                        0x158 (size before relaxing)
 .eh_frame      0x0000000000120a1c       0x20 binaries/addargs.o
                                         0x38 (size before relaxing)
 .eh_frame      0x0000000000120a3c       0x20 binaries/lexan.o
                                         0x38 (size before relaxing)
 .eh_frame      0x0000000000120a5c       0x20 binaries/shell.o
                                         0x38 (size before relaxing)
 .eh_frame      0x0000000000120a7c       0x20 binaries/xsh_argecho.o
                                         0x38 (size before relaxing)
 .eh_frame      0x0000000000120a9c       0x40 binaries/xsh_arp.o
                                         0x58 (size before relaxing)
 .eh_frame      0x0000000000120adc       0x20 binaries/xsh_cat.o
                                         0x38 (size before relaxing)
 .eh_frame      0x0000000000120afc       0x20 binaries/xsh_clear.o
                                         0x38 (size before relaxing)
 .eh_frame      0x0000000000120b1c       0x20 binaries/xsh_date.o
                                         0x38 (size before relaxing)
 .eh_frame      0x0000000000120b3c       0x20 binaries/xsh_devdump.o
                                         0x38 (size before relaxing)
 .eh_frame      0x0000000000120b5c       0x20 binaries/xsh_echo.o
                                         0x38 (size before relaxing)
 .eh_frame      0x0000000000120b7c       0x20 binaries/xsh_exit.o
                                         0x38 (size before relaxing)
 .eh_frame      0x0000000000120b9c       0x2c binaries/xsh_help.o
                                         0x44 (size before relaxing)
 .eh_frame      0x0000000000120bc8       0x20 binaries/xsh_kill.o
                                         0x38 (size before relaxing)
 .eh_frame      0x0000000000120be8       0x2c binaries/xsh_ls.o
                                         0x44 (size before relaxing)
 .eh_frame      0x0000000000120c14       0x40 binaries/xsh_memdump.o
                                         0x58 (size before relaxing)
 .eh_frame      0x0000000000120c54       0x60 binaries/xsh_memstat.o
                                         0x78 (size before relaxing)
 .eh_frame      0x0000000000120cb4       0x30 binaries/xsh_netinfo.o
                                         0x48 (size before relaxing)
 .eh_frame      0x0000000000120ce4       0x30 binaries/xsh_ns.o
                                         0x48 (size before relaxing)
 .eh_frame      0x0000000000120d14       0x28 binaries/xsh_ping.o
                                         0x40 (size before relaxing)
 .eh_frame      0x0000000000120d3c       0x30 binaries/xsh_ps.o
                                         0x48 (size before relaxing)
 .eh_frame      0x0000000000120d6c       0x20 binaries/xsh_sleep.o
                                         0x38 (size before relaxing)
 .eh_frame      0x0000000000120d8c       0x20 binaries/xsh_udpdump.o
                                         0x38 (size before relaxing)
 .eh_frame      0x0000000000120dac       0x30 binaries/xsh_udpecho.o
                                         0x48 (size before relaxing)
 .eh_frame      0x0000000000120ddc       0x28 binaries/xsh_udpserver.o
                                         0x40 (size before relaxing)
 .eh_frame      0x0000000000120e04       0x20 binaries/xsh_uptime.o
                                         0x38 (size before relaxing)

.iplt           0x0000000000120e24        0x0
 .iplt          0x0000000000120e24        0x0 binaries/start.o

.rel.dyn        0x0000000000120e24        0x0
 .rel.got       0x0000000000120e24        0x0 binaries/start.o
 .rel.iplt      0x0000000000120e24        0x0 binaries/start.o
 .rel.text      0x0000000000120e24        0x0 binaries/start.o

.data           0x0000000000120e40     0x11c0
                0x0000000000120e40                data = ABSOLUTE (.)
 *(.data .data.*)
 .data          0x0000000000120e40      0x460 binaries/start.o
                0x0000000000120e40                gdt
                0x0000000000120e80                gdtr
                0x0000000000120e86                idt
                0x0000000000121286                idtr
                0x000000000012128c                cpudelay
                0x0000000000121290                _bootdev
                0x0000000000121294                _cyloffset
 .data          0x00000000001212a0       0x88 binaries/ascdate.o
                0x00000000001212a0                Date
 .data          0x0000000000121328        0x0 binaries/bufinit.o
 .data          0x0000000000121328        0x0 binaries/chprio.o
 .data          0x0000000000121328        0x8 binaries/clkhandler.o
 .data          0x0000000000121330        0x0 binaries/clkinit.o
 .data          0x0000000000121330        0x0 binaries/close.o
 *fill*         0x0000000000121330       0x10 
 .data          0x0000000000121340      0x5a0 binaries/conf.o
                0x0000000000121340                devtab
 .data          0x00000000001218e0        0x0 binaries/control.o
 .data          0x00000000001218e0        0x4 binaries/create.o
 *fill*         0x00000000001218e4       0x1c 
 .data          0x0000000000121900       0x40 binaries/evec.o
                0x0000000000121900                inames
 .data          0x0000000000121940        0x0 binaries/exit.o
 .data          0x0000000000121940        0x0 binaries/freebuf.o
 .data          0x0000000000121940        0x0 binaries/freemem.o
 .data          0x0000000000121940        0x0 binaries/getbuf.o
 .data          0x0000000000121940        0x0 binaries/getc.o
 .data          0x0000000000121940        0x0 binaries/getdev.o
 .data          0x0000000000121940        0x0 binaries/getitem.o
 .data          0x0000000000121940        0x0 binaries/getmem.o
 .data          0x0000000000121940        0x0 binaries/getpid.o
 .data          0x0000000000121940        0x0 binaries/getprio.o
 .data          0x0000000000121940        0x0 binaries/getstk.o
 .data          0x0000000000121940        0x0 binaries/getticks.o
 .data          0x0000000000121940        0x0 binaries/gettime.o
 .data          0x0000000000121940        0x0 binaries/getutime.o
 .data          0x0000000000121940       0x40 binaries/i386.o
                0x0000000000121940                gdt_copy
 .data          0x0000000000121980        0x0 binaries/init.o
 .data          0x0000000000121980        0x0 binaries/initialize.o
 .data          0x0000000000121980        0x0 binaries/insert.o
 .data          0x0000000000121980        0x0 binaries/insertd.o
 .data          0x0000000000121980        0x0 binaries/ioerr.o
 .data          0x0000000000121980        0x0 binaries/ionull.o
 .data          0x0000000000121980        0x0 binaries/kill.o
 .data          0x0000000000121980        0x0 binaries/kprintf.o
 .data          0x0000000000121980        0x0 binaries/main.o
 .data          0x0000000000121980        0x0 binaries/mark.o
 .data          0x0000000000121980        0x0 binaries/meminit.o
 .data          0x0000000000121980        0x0 binaries/mkbufpool.o
 .data          0x0000000000121980        0x2 binaries/newqueue.o
 .data          0x0000000000121982        0x0 binaries/open.o
 .data          0x0000000000121982        0x0 binaries/panic.o
 *fill*         0x0000000000121982        0x2 
[...]
 .comment       0x0000000000000023       0x24 binaries/dot2ip.o
 .comment       0x0000000000000023       0x24 binaries/hexdump.o
 .comment       0x0000000000000023       0x24 binaries/icmp.o
 .comment       0x0000000000000023       0x24 binaries/ip.o
 .comment       0x0000000000000023       0x24 binaries/net.o
 .comment       0x0000000000000023       0x24 binaries/pdump.o
 .comment       0x0000000000000023       0x24 binaries/tftp.o
 .comment       0x0000000000000023       0x24 binaries/udp.o
 .comment       0x0000000000000023       0x24 binaries/addargs.o
 .comment       0x0000000000000023       0x24 binaries/lexan.o
 .comment       0x0000000000000023       0x24 binaries/shell.o
 .comment       0x0000000000000023       0x24 binaries/xsh_argecho.o
 .comment       0x0000000000000023       0x24 binaries/xsh_arp.o
 .comment       0x0000000000000023       0x24 binaries/xsh_cat.o
 .comment       0x0000000000000023       0x24 binaries/xsh_clear.o
 .comment       0x0000000000000023       0x24 binaries/xsh_date.o
 .comment       0x0000000000000023       0x24 binaries/xsh_devdump.o
 .comment       0x0000000000000023       0x24 binaries/xsh_echo.o
 .comment       0x0000000000000023       0x24 binaries/xsh_exit.o
 .comment       0x0000000000000023       0x24 binaries/xsh_help.o
 .comment       0x0000000000000023       0x24 binaries/xsh_kill.o
 .comment       0x0000000000000023       0x24 binaries/xsh_ls.o
 .comment       0x0000000000000023       0x24 binaries/xsh_memdump.o
 .comment       0x0000000000000023       0x24 binaries/xsh_memstat.o
 .comment       0x0000000000000023       0x24 binaries/xsh_netinfo.o
 .comment       0x0000000000000023       0x24 binaries/xsh_ns.o
 .comment       0x0000000000000023       0x24 binaries/xsh_ping.o
 .comment       0x0000000000000023       0x24 binaries/xsh_ps.o
 .comment       0x0000000000000023       0x24 binaries/xsh_sleep.o
 .comment       0x0000000000000023       0x24 binaries/xsh_udpdump.o
 .comment       0x0000000000000023       0x24 binaries/xsh_udpecho.o
 .comment       0x0000000000000023       0x24 binaries/xsh_udpserver.o
 .comment       0x0000000000000023       0x24 binaries/xsh_uptime.o

.note.GNU-stack
                0x0000000000000000        0x0
 .note.GNU-stack
                0x0000000000000000        0x0 binaries/ascdate.o
 .note.GNU-stack
                0x0000000000000000        0x0 binaries/bufinit.o
 .note.GNU-stack
                0x0000000000000000        0x0 binaries/chprio.o
 .note.GNU-stack
                0x0000000000000000        0x0 binaries/clkhandler.o
 .note.GNU-stack
                0x0000000000000000        0x0 binaries/clkinit.o
 .note.GNU-stack
                0x0000000000000000        0x0 binaries/close.o
 .note.GNU-stack
                0x0000000000000000        0x0 binaries/conf.o
 .note.GNU-stack
                0x0000000000000000        0x0 binaries/control.o
 .note.GNU-stack
                0x0000000000000000        0x0 binaries/create.o
 .note.GNU-stack
                0x0000000000000000        0x0 binaries/evec.o
 .note.GNU-stack
                0x0000000000000000        0x0 binaries/exit.o
 .note.GNU-stack
                0x0000000000000000        0x0 binaries/freebuf.o
 .note.GNU-stack
                0x0000000000000000        0x0 binaries/freemem.o
 .note.GNU-stack
                0x0000000000000000        0x0 binaries/getbuf.o
 .note.GNU-stack
                0x0000000000000000        0x0 binaries/getc.o
 .note.GNU-stack
                0x0000000000000000        0x0 binaries/getdev.o
 .note.GNU-stack
                0x0000000000000000        0x0 binaries/getitem.o
 .note.GNU-stack
                0x0000000000000000        0x0 binaries/getmem.o
 .note.GNU-stack
                0x0000000000000000        0x0 binaries/getpid.o
 .note.GNU-stack
                0x0000000000000000        0x0 binaries/getprio.o
 .note.GNU-stack
                0x0000000000000000        0x0 binaries/getstk.o
 .note.GNU-stack
                0x0000000000000000        0x0 binaries/getticks.o
 .note.GNU-stack
                0x0000000000000000        0x0 binaries/gettime.o
 .note.GNU-stack
                0x0000000000000000        0x0 binaries/getutime.o
 .note.GNU-stack
                0x0000000000000000        0x0 binaries/i386.o
 .note.GNU-stack
                0x0000000000000000        0x0 binaries/init.o
 .note.GNU-stack
                0x0000000000000000        0x0 binaries/initialize.o
 .note.GNU-stack
                0x0000000000000000        0x0 binaries/insert.o
 .note.GNU-stack
                0x0000000000000000        0x0 binaries/insertd.o
 .note.GNU-stack
                0x0000000000000000        0x0 binaries/ioerr.o
 .note.GNU-stack
                0x0000000000000000        0x0 binaries/ionull.o
 .note.GNU-stack
                0x0000000000000000        0x0 binaries/kill.o
 .note.GNU-stack
                0x0000000000000000        0x0 binaries/kprintf.o
 .note.GNU-stack
                0x0000000000000000        0x0 binaries/main.o
 .note.GNU-stack
                0x0000000000000000        0x0 binaries/mark.o
 .note.GNU-stack
                0x0000000000000000        0x0 binaries/meminit.o
 .note.GNU-stack
                0x0000000000000000        0x0 binaries/mkbufpool.o
 .note.GNU-stack
                0x0000000000000000        0x0 binaries/newqueue.o
 .note.GNU-stack
                0x0000000000000000        0x0 binaries/open.o
 .note.GNU-stack
                0x0000000000000000        0x0 binaries/panic.o
 .note.GNU-stack
                0x0000000000000000        0x0 binaries/pci.o
 .note.GNU-stack
                0x0000000000000000        0x0 binaries/ptclear.o
 .note.GNU-stack
                0x0000000000000000        0x0 binaries/ptcount.o
 .note.GNU-stack
                0x0000000000000000        0x0 binaries/ptcreate.o
 .note.GNU-stack
                0x0000000000000000        0x0 binaries/ptdelete.o
 .note.GNU-stack
                0x0000000000000000        0x0 binaries/ptinit.o
 .note.GNU-stack
                0x0000000000000000        0x0 binaries/ptrecv.o
 .note.GNU-stack
                0x0000000000000000        0x0 binaries/ptreset.o
 .note.GNU-stack
                0x0000000000000000        0x0 binaries/ptsend.o
 .note.GNU-stack
                0x0000000000000000        0x0 binaries/putc.o
 .note.GNU-stack
                0x0000000000000000        0x0 binaries/queue.o
 .note.GNU-stack
                0x0000000000000000        0x0 binaries/read.o
 .note.GNU-stack
                0x0000000000000000        0x0 binaries/ready.o
 .note.GNU-stack
                0x0000000000000000        0x0 binaries/receive.o
 .note.GNU-stack
                0x0000000000000000        0x0 binaries/recvclr.o
 .note.GNU-stack
                0x0000000000000000        0x0 binaries/recvtime.o
 .note.GNU-stack
                0x0000000000000000        0x0 binaries/resched.o
 .note.GNU-stack
                0x0000000000000000        0x0 binaries/resume.o
 .note.GNU-stack
                0x0000000000000000        0x0 binaries/seek.o
 .note.GNU-stack
                0x0000000000000000        0x0 binaries/semcount.o
 .note.GNU-stack
                0x0000000000000000        0x0 binaries/semcreate.o
 .note.GNU-stack
                0x0000000000000000        0x0 binaries/semdelete.o
 .note.GNU-stack
                0x0000000000000000        0x0 binaries/semreset.o
 .note.GNU-stack
                0x0000000000000000        0x0 binaries/send.o
 .note.GNU-stack
                0x0000000000000000        0x0 binaries/signal.o
 .note.GNU-stack
                0x0000000000000000        0x0 binaries/signaln.o
 .note.GNU-stack
                0x0000000000000000        0x0 binaries/sleep.o
 .note.GNU-stack
                0x0000000000000000        0x0 binaries/stacktrace.o
 .note.GNU-stack
                0x0000000000000000        0x0 binaries/suspend.o
 .note.GNU-stack
                0x0000000000000000        0x0 binaries/unsleep.o
 .note.GNU-stack
                0x0000000000000000        0x0 binaries/userret.o
 .note.GNU-stack
                0x0000000000000000        0x0 binaries/wait.o
 .note.GNU-stack
                0x0000000000000000        0x0 binaries/wakeup.o
 .note.GNU-stack
                0x0000000000000000        0x0 binaries/write.o
 .note.GNU-stack
                0x0000000000000000        0x0 binaries/xdone.o
 .note.GNU-stack
                0x0000000000000000        0x0 binaries/yield.o
 .note.GNU-stack
                0x0000000000000000        0x0 binaries/abs.o
 .note.GNU-stack
                0x0000000000000000        0x0 binaries/atoi.o
 .note.GNU-stack
                0x0000000000000000        0x0 binaries/atol.o
 .note.GNU-stack
                0x0000000000000000        0x0 binaries/bzero.o
 .note.GNU-stack
                0x0000000000000000        0x0 binaries/ctype_.o
 .note.GNU-stack
                0x0000000000000000        0x0 binaries/doprnt.o
 .note.GNU-stack
                0x0000000000000000        0x0 binaries/doscan.o
 .note.GNU-stack
                0x0000000000000000        0x0 binaries/fdoprnt.o
 .note.GNU-stack
                0x0000000000000000        0x0 binaries/fgetc.o
 .note.GNU-stack
                0x0000000000000000        0x0 binaries/fgets.o
 .note.GNU-stack
                0x0000000000000000        0x0 binaries/fprintf.o
 .note.GNU-stack
                0x0000000000000000        0x0 binaries/fputc.o
 .note.GNU-stack
                0x0000000000000000        0x0 binaries/fputs.o
 .note.GNU-stack
                0x0000000000000000        0x0 binaries/fscanf.o
 .note.GNU-stack
                0x0000000000000000        0x0 binaries/getchar.o
 .note.GNU-stack
                0x0000000000000000        0x0 binaries/labs.o
 .note.GNU-stack
                0x0000000000000000        0x0 binaries/memcmp.o
 .note.GNU-stack
                0x0000000000000000        0x0 binaries/memcpy.o
 .note.GNU-stack
                0x0000000000000000        0x0 binaries/memset.o
 .note.GNU-stack
                0x0000000000000000        0x0 binaries/printf.o
 .note.GNU-stack
                0x0000000000000000        0x0 binaries/putchar.o
 .note.GNU-stack
                0x0000000000000000        0x0 binaries/qsort.o
 .note.GNU-stack
                0x0000000000000000        0x0 binaries/rand.o
 .note.GNU-stack
                0x0000000000000000        0x0 binaries/sprintf.o
 .note.GNU-stack
                0x0000000000000000        0x0 binaries/sscanf.o
 .note.GNU-stack
                0x0000000000000000        0x0 binaries/strchr.o
 .note.GNU-stack
                0x0000000000000000        0x0 binaries/strcmp.o
 .note.GNU-stack
                0x0000000000000000        0x0 binaries/strcpy.o
 .note.GNU-stack
                0x0000000000000000        0x0 binaries/strlen.o
 .note.GNU-stack
                0x0000000000000000        0x0 binaries/strncat.o
 .note.GNU-stack
                0x0000000000000000        0x0 binaries/strncmp.o
 .note.GNU-stack
                0x0000000000000000        0x0 binaries/strncpy.o
 .note.GNU-stack
                0x0000000000000000        0x0 binaries/strnlen.o
 .note.GNU-stack
                0x0000000000000000        0x0 binaries/strrchr.o
 .note.GNU-stack
                0x0000000000000000        0x0 binaries/strstr.o
 .note.GNU-stack
                0x0000000000000000        0x0 binaries/ttycontrol.o
 .note.GNU-stack
                0x0000000000000000        0x0 binaries/ttygetc.o
 .note.GNU-stack
                0x0000000000000000        0x0 binaries/ttyhandle_in.o
 .note.GNU-stack
                0x0000000000000000        0x0 binaries/ttyhandle_out.o
 .note.GNU-stack
                0x0000000000000000        0x0 binaries/ttyhandler.o
 .note.GNU-stack
                0x0000000000000000        0x0 binaries/ttyinit.o
 .note.GNU-stack
                0x0000000000000000        0x0 binaries/ttykickout.o
 .note.GNU-stack
                0x0000000000000000        0x0 binaries/ttyputc.o
 .note.GNU-stack
                0x0000000000000000        0x0 binaries/ttyread.o
 .note.GNU-stack
                0x0000000000000000        0x0 binaries/ttywrite.o
 .note.GNU-stack
                0x0000000000000000        0x0 binaries/mount.o
 .note.GNU-stack
                0x0000000000000000        0x0 binaries/naminit.o
 .note.GNU-stack
                0x0000000000000000        0x0 binaries/nammap.o
 .note.GNU-stack
                0x0000000000000000        0x0 binaries/namopen.o
 .note.GNU-stack
                0x0000000000000000        0x0 binaries/82545EMInit.o
 .note.GNU-stack
                0x0000000000000000        0x0 binaries/ethcontrol.o
 .note.GNU-stack
                0x0000000000000000        0x0 binaries/ethhandler.o
 .note.GNU-stack
                0x0000000000000000        0x0 binaries/ethinit.o
 .note.GNU-stack
                0x0000000000000000        0x0 binaries/ethread.o
 .note.GNU-stack
                0x0000000000000000        0x0 binaries/ethwrite.o
 .note.GNU-stack
                0x0000000000000000        0x0 binaries/rdscomm.o
 .note.GNU-stack
                0x0000000000000000        0x0 binaries/rdscontrol.o
 .note.GNU-stack
                0x0000000000000000        0x0 binaries/rdsinit.o
 .note.GNU-stack
                0x0000000000000000        0x0 binaries/rdsopen.o
 .note.GNU-stack
                0x0000000000000000        0x0 binaries/rdsprocess.o
 .note.GNU-stack
                0x0000000000000000        0x0 binaries/rdsqfcns.o
 .note.GNU-stack
                0x0000000000000000        0x0 binaries/rdsread.o
 .note.GNU-stack
                0x0000000000000000        0x0 binaries/rdssetprio.o
 .note.GNU-stack
                0x0000000000000000        0x0 binaries/rdswrite.o
 .note.GNU-stack
                0x0000000000000000        0x0 binaries/ramclose.o
 .note.GNU-stack
                0x0000000000000000        0x0 binaries/raminit.o
 .note.GNU-stack
                0x0000000000000000        0x0 binaries/ramopen.o
 .note.GNU-stack
                0x0000000000000000        0x0 binaries/ramread.o
 .note.GNU-stack
                0x0000000000000000        0x0 binaries/ramwrite.o
 .note.GNU-stack
                0x0000000000000000        0x0 binaries/lfdballoc.o
 .note.GNU-stack
                0x0000000000000000        0x0 binaries/lfdbfree.o
 .note.GNU-stack
                0x0000000000000000        0x0 binaries/lfflush.o
 .note.GNU-stack
                0x0000000000000000        0x0 binaries/lfgetmode.o
 .note.GNU-stack
                0x0000000000000000        0x0 binaries/lfiballoc.o
 .note.GNU-stack
                0x0000000000000000        0x0 binaries/lfibclear.o
 .note.GNU-stack
                0x0000000000000000        0x0 binaries/lfibget.o
 .note.GNU-stack
                0x0000000000000000        0x0 binaries/lfibput.o
 .note.GNU-stack
                0x0000000000000000        0x0 binaries/lflclose.o
 .note.GNU-stack
                0x0000000000000000        0x0 binaries/lflcontrol.o
 .note.GNU-stack
                0x0000000000000000        0x0 binaries/lflgetc.o
 .note.GNU-stack
                0x0000000000000000        0x0 binaries/lflinit.o
 .note.GNU-stack
                0x0000000000000000        0x0 binaries/lflputc.o
 .note.GNU-stack
                0x0000000000000000        0x0 binaries/lflread.o
 .note.GNU-stack
                0x0000000000000000        0x0 binaries/lflseek.o
 .note.GNU-stack
                0x0000000000000000        0x0 binaries/lflwrite.o
 .note.GNU-stack
                0x0000000000000000        0x0 binaries/lfscheck.o
 .note.GNU-stack
                0x0000000000000000        0x0 binaries/lfsckfmt.o
 .note.GNU-stack
                0x0000000000000000        0x0 binaries/lfscreate.o
 .note.GNU-stack
                0x0000000000000000        0x0 binaries/lfsetup.o
 .note.GNU-stack
                0x0000000000000000        0x0 binaries/lfsinit.o
 .note.GNU-stack
                0x0000000000000000        0x0 binaries/lfsopen.o
 .note.GNU-stack
                0x0000000000000000        0x0 binaries/lftruncate.o
 .note.GNU-stack
                0x0000000000000000        0x0 binaries/rflclose.o
 .note.GNU-stack
                0x0000000000000000        0x0 binaries/rflgetc.o
 .note.GNU-stack
                0x0000000000000000        0x0 binaries/rflinit.o
 .note.GNU-stack
                0x0000000000000000        0x0 binaries/rflputc.o
 .note.GNU-stack
                0x0000000000000000        0x0 binaries/rflread.o
 .note.GNU-stack
                0x0000000000000000        0x0 binaries/rflseek.o
 .note.GNU-stack
                0x0000000000000000        0x0 binaries/rflwrite.o
 .note.GNU-stack
                0x0000000000000000        0x0 binaries/rfscomm.o
 .note.GNU-stack
                0x0000000000000000        0x0 binaries/rfscontrol.o
 .note.GNU-stack
                0x0000000000000000        0x0 binaries/rfsgetmode.o
 .note.GNU-stack
                0x0000000000000000        0x0 binaries/rfsinit.o
 .note.GNU-stack
                0x0000000000000000        0x0 binaries/rfsndmsg.o
 .note.GNU-stack
                0x0000000000000000        0x0 binaries/rfsopen.o
 .note.GNU-stack
                0x0000000000000000        0x0 binaries/arp.o
 .note.GNU-stack
                0x0000000000000000        0x0 binaries/dhcp.o
 .note.GNU-stack
                0x0000000000000000        0x0 binaries/dns.o
 .note.GNU-stack
                0x0000000000000000        0x0 binaries/dot2ip.o
 .note.GNU-stack
                0x0000000000000000        0x0 binaries/hexdump.o
 .note.GNU-stack
                0x0000000000000000        0x0 binaries/icmp.o
 .note.GNU-stack
                0x0000000000000000        0x0 binaries/ip.o
 .note.GNU-stack
                0x0000000000000000        0x0 binaries/net.o
 .note.GNU-stack
                0x0000000000000000        0x0 binaries/pdump.o
 .note.GNU-stack
                0x0000000000000000        0x0 binaries/tftp.o
 .note.GNU-stack
                0x0000000000000000        0x0 binaries/udp.o
 .note.GNU-stack
                0x0000000000000000        0x0 binaries/addargs.o
 .note.GNU-stack
                0x0000000000000000        0x0 binaries/lexan.o
 .note.GNU-stack
                0x0000000000000000        0x0 binaries/shell.o
 .note.GNU-stack
                0x0000000000000000        0x0 binaries/xsh_argecho.o
 .note.GNU-stack
                0x0000000000000000        0x0 binaries/xsh_arp.o
 .note.GNU-stack
                0x0000000000000000        0x0 binaries/xsh_cat.o
 .note.GNU-stack
                0x0000000000000000        0x0 binaries/xsh_clear.o
 .note.GNU-stack
                0x0000000000000000        0x0 binaries/xsh_date.o
 .note.GNU-stack
                0x0000000000000000        0x0 binaries/xsh_devdump.o
 .note.GNU-stack
                0x0000000000000000        0x0 binaries/xsh_echo.o
 .note.GNU-stack
                0x0000000000000000        0x0 binaries/xsh_exit.o
 .note.GNU-stack
                0x0000000000000000        0x0 binaries/xsh_help.o
 .note.GNU-stack
                0x0000000000000000        0x0 binaries/xsh_kill.o
 .note.GNU-stack
                0x0000000000000000        0x0 binaries/xsh_ls.o
 .note.GNU-stack
                0x0000000000000000        0x0 binaries/xsh_memdump.o
 .note.GNU-stack
                0x0000000000000000        0x0 binaries/xsh_memstat.o
 .note.GNU-stack
                0x0000000000000000        0x0 binaries/xsh_netinfo.o
 .note.GNU-stack
                0x0000000000000000        0x0 binaries/xsh_ns.o
 .note.GNU-stack
                0x0000000000000000        0x0 binaries/xsh_ping.o
 .note.GNU-stack
                0x0000000000000000        0x0 binaries/xsh_ps.o
 .note.GNU-stack
                0x0000000000000000        0x0 binaries/xsh_sleep.o
 .note.GNU-stack
                0x0000000000000000        0x0 binaries/xsh_udpdump.o
 .note.GNU-stack
                0x0000000000000000        0x0 binaries/xsh_udpecho.o
 .note.GNU-stack
                0x0000000000000000        0x0 binaries/xsh_udpserver.o
 .note.GNU-stack
                0x0000000000000000        0x0 binaries/xsh_uptime.o
